[COMMENTS]

Non-blank lines in the FILES section list all filenames
with an implied filenumber in sequence starting from 1
Order defines filenumbers used in LINKS section

The LINKS section shows: HexValue FileNumber LineNumber Symbol ByteSize
if FileNumber is 0 then the symbol is to be treated as EQU
no Symbol indicates source-line info for a non-labeled line
The LINKS section is unsorted

[FILES]

ex1.asm
defs.inc

[LINKS]

0000D036      1     34
0000D034      1     33
0000D032      1     32
0000D02F      1     31
0000D02D      1     30
0000D02B      1     29
0000D029      1     28
0000D027      1     27
0000D025      1     26
0000D023      1     25
0000D021      1     24
0000D01F      1     23
0000D01B      1     21
0000D018      1     20
0000D016      1     19
0000D013      1     18
0000D010      1     17
0000D00B      1     15
0000D008      1     14
0000D004      1     13
0000D001      1     12
00000004      0      0  _.D1                0
00000005      0      0  _.D2                0
0000D01C      1     22  _11               0
0000000A      0      0  LF                  0
0000D000      0      0  DISP16              0
0000D001      0      0  MAIN                0
00000002      0      0  _.Z                 0
0000D000      0      0  DISP8               0
0000D00D      1     16  LOOP1             0
0000D000      0      0  OUTSTR              0
0000D000      0      0  INTERRUPTSOFF       0
0000D000      2     33  INTERRUPTSON        0
00000003      0      0  _.XY                0
00000001      0      0  _.TMP               0
